(3, 5, N) SUNK
(1, 6, N)
(4, 2, W) SUNK
(7, 6, W) SUNK
(5, 4, S)
(4, 3, S) SUNK
(3, 5, W)
(5, 16, S)
